// Jest Snapshot v1, https://jestjs.io/docs/snapshot-testing

exports[`Modal Component matches snapshot when closed 1`] = `<DocumentFragment />`;

exports[`Modal Component matches snapshot when open 1`] = `
<DocumentFragment>
  <div
    class="fixed inset-0 z-50 flex items-center justify-center"
  >
    <div
      class="absolute inset-0 bg-black/40"
    />
    <div
      class="relative bg-white rounded-xl shadow-xl w-full max-w-md mx-4 p-6 z-10"
    >
      <div
        class="flex items-center justify-between mb-4"
      >
        <h3
          class="text-[18px] font-bold text-[#111827]"
        >
          Test Modal
        </h3>
        <button
          class="text-gray-400 hover:text-gray-600 transition-colors"
        >
          <svg
            fill="none"
            height="20"
            stroke="currentColor"
            stroke-width="2"
            viewBox="0 0 24 24"
            width="20"
          >
            <line
              x1="18"
              x2="6"
              y1="6"
              y2="18"
            />
            <line
              x1="6"
              x2="18"
              y1="6"
              y2="18"
            />
          </svg>
        </button>
      </div>
      <div>
        Modal Content
      </div>
    </div>
  </div>
</DocumentFragment>
`;
